// Jest Snapshot v1, https://goo.gl/fbAQLP

exports[`Card should match the snapshot with all data passed in 1`] = `
<div
  className="hey"
>
  <div
    className="proto-card"
  >
    <h1>
      What does Array.prototype.length returns?
    </h1>
    <div
      className="card-buttons"
    >
      <button
        className="create-button0"
        key="0"
        onClick={[Function]}
      >
        length of an array
      </button>
      <button
        className="create-button1"
        key="1"
        onClick={[Function]}
      >
        length of string
      </button>
      <button
        className="create-button2"
        key="2"
        onClick={[Function]}
      >
        length of an object
      </button>
      <button
        className="create-button3"
        key="3"
        onClick={[Function]}
      >
        number of elements in array
      </button>
    </div>
  </div>
</div>
`;

exports[`Card should return incorrect answers 1`] = `
<div
  className="hey"
>
  <div
    className="proto-card"
  >
    <h1>
      What does Array.prototype.length returns?
    </h1>
    <div
      className="card-buttons"
    >
      <button
        className="create-button0"
        key="0"
        onClick={[Function]}
      >
        length of an array
      </button>
      <button
        className="create-button1"
        key="1"
        onClick={[Function]}
      >
        length of string
      </button>
      <button
        className="create-button2"
        key="2"
        onClick={[Function]}
      >
        length of an object
      </button>
      <button
        className="create-button3"
        key="3"
        onClick={[Function]}
      >
        number of elements in array
      </button>
    </div>
  </div>
</div>
`;

exports[`Card should send incorrect answers to local storage 1`] = `
<div
  className="hey"
>
  <div
    className="proto-card"
  >
    <h1>
      What does Array.prototype.length returns?
    </h1>
    <div
      className="card-buttons"
    >
      <button
        className="create-button0"
        key="0"
        onClick={[Function]}
      >
        length of an array
      </button>
      <button
        className="create-button1"
        key="1"
        onClick={[Function]}
      >
        length of string
      </button>
      <button
        className="create-button2"
        key="2"
        onClick={[Function]}
      >
        length of an object
      </button>
      <button
        className="create-button3"
        key="3"
        onClick={[Function]}
      >
        number of elements in array
      </button>
    </div>
  </div>
</div>
`;
